Archive member included to satisfy reference by file (symbol)

/opt/st/stm32cubeide_1.8.0/plugins/com.st.stm32cube.ide.mcu.externaltools.gnu-tools-for-stm32.9-2020-q2-update.linux64_2.0.0.202105311346/tools/bin/../lib/gcc/arm-none-eabi/9.3.1/../../../../arm-none-eabi/lib/thumb/v7-m/nofp/libc_nano.a(lib_a-errno.o)
                              ./Core/Src/syscalls.o (__errno)
/opt/st/stm32cubeide_1.8.0/plugins/com.st.stm32cube.ide.mcu.externaltools.gnu-tools-for-stm32.9-2020-q2-update.linux64_2.0.0.202105311346/tools/bin/../lib/gcc/arm-none-eabi/9.3.1/../../../../arm-none-eabi/lib/thumb/v7-m/nofp/libc_nano.a(lib_a-exit.o)
                              /opt/st/stm32cubeide_1.8.0/plugins/com.st.stm32cube.ide.mcu.externaltools.gnu-tools-for-stm32.9-2020-q2-update.linux64_2.0.0.202105311346/tools/bin/../lib/gcc/arm-none-eabi/9.3.1/../../../../arm-none-eabi/lib/thumb/v7-m/nofp/crt0.o (exit)
/opt/st/stm32cubeide_1.8.0/plugins/com.st.stm32cube.ide.mcu.externaltools.gnu-tools-for-stm32.9-2020-q2-update.linux64_2.0.0.202105311346/tools/bin/../lib/gcc/arm-none-eabi/9.3.1/../../../../arm-none-eabi/lib/thumb/v7-m/nofp/libc_nano.a(lib_a-impure.o)
                              /opt/st/stm32cubeide_1.8.0/plugins/com.st.stm32cube.ide.mcu.externaltools.gnu-tools-for-stm32.9-2020-q2-update.linux64_2.0.0.202105311346/tools/bin/../lib/gcc/arm-none-eabi/9.3.1/../../../../arm-none-eabi/lib/thumb/v7-m/nofp/libc_nano.a(lib_a-exit.o) (_global_impure_ptr)
/opt/st/stm32cubeide_1.8.0/plugins/com.st.stm32cube.ide.mcu.externaltools.gnu-tools-for-stm32.9-2020-q2-update.linux64_2.0.0.202105311346/tools/bin/../lib/gcc/arm-none-eabi/9.3.1/../../../../arm-none-eabi/lib/thumb/v7-m/nofp/libc_nano.a(lib_a-init.o)
                              /opt/st/stm32cubeide_1.8.0/plugins/com.st.stm32cube.ide.mcu.externaltools.gnu-tools-for-stm32.9-2020-q2-update.linux64_2.0.0.202105311346/tools/bin/../lib/gcc/arm-none-eabi/9.3.1/../../../../arm-none-eabi/lib/thumb/v7-m/nofp/crt0.o (__libc_init_array)
/opt/st/stm32cubeide_1.8.0/plugins/com.st.stm32cube.ide.mcu.externaltools.gnu-tools-for-stm32.9-2020-q2-update.linux64_2.0.0.202105311346/tools/bin/../lib/gcc/arm-none-eabi/9.3.1/../../../../arm-none-eabi/lib/thumb/v7-m/nofp/libc_nano.a(lib_a-memset.o)
                              /opt/st/stm32cubeide_1.8.0/plugins/com.st.stm32cube.ide.mcu.externaltools.gnu-tools-for-stm32.9-2020-q2-update.linux64_2.0.0.202105311346/tools/bin/../lib/gcc/arm-none-eabi/9.3.1/../../../../arm-none-eabi/lib/thumb/v7-m/nofp/crt0.o (memset)
/opt/st/stm32cubeide_1.8.0/plugins/com.st.stm32cube.ide.mcu.externaltools.gnu-tools-for-stm32.9-2020-q2-update.linux64_2.0.0.202105311346/tools/bin/../lib/gcc/arm-none-eabi/9.3.1/../../../../arm-none-eabi/lib/thumb/v7-m/nofp/libc_nano.a(lib_a-strlen.o)
                              ./DRO/Src/fonts.o (strlen)

Allocating common symbols
Common symbol       size              file

hi2c2               0x54              ./Core/Src/i2c.o
uwTick              0x4               ./Drivers/STM32F1xx_HAL_Driver/Src/stm32f1xx_hal.o
pFlash              0x20              ./Drivers/STM32F1xx_HAL_Driver/Src/stm32f1xx_hal_flash.o
htim2               0x48              ./Core/Src/tim.o

Discarded input sections

 .text          0x0000000000000000        0x0 /opt/st/stm32cubeide_1.8.0/plugins/com.st.stm32cube.ide.mcu.externaltools.gnu-tools-for-stm32.9-2020-q2-update.linux64_2.0.0.202105311346/tools/bin/../lib/gcc/arm-none-eabi/9.3.1/thumb/v7-m/nofp/crti.o
 .data          0x0000000000000000        0x0 /opt/st/stm32cubeide_1.8.0/plugins/com.st.stm32cube.ide.mcu.externaltools.gnu-tools-for-stm32.9-2020-q2-update.linux64_2.0.0.202105311346/tools/bin/../lib/gcc/arm-none-eabi/9.3.1/thumb/v7-m/nofp/crti.o
 .bss           0x0000000000000000        0x0 /opt/st/stm32cubeide_1.8.0/plugins/com.st.stm32cube.ide.mcu.externaltools.gnu-tools-for-stm32.9-2020-q2-update.linux64_2.0.0.202105311346/tools/bin/../lib/gcc/arm-none-eabi/9.3.1/thumb/v7-m/nofp/crti.o
 .data          0x0000000000000000        0x4 /opt/st/stm32cubeide_1.8.0/plugins/com.st.stm32cube.ide.mcu.externaltools.gnu-tools-for-stm32.9-2020-q2-update.linux64_2.0.0.202105311346/tools/bin/../lib/gcc/arm-none-eabi/9.3.1/thumb/v7-m/nofp/crtbegin.o
 .text          0x0000000000000000       0x7c /opt/st/stm32cubeide_1.8.0/plugins/com.st.stm32cube.ide.mcu.externaltools.gnu-tools-for-stm32.9-2020-q2-update.linux64_2.0.0.202105311346/tools/bin/../lib/gcc/arm-none-eabi/9.3.1/../../../../arm-none-eabi/lib/thumb/v7-m/nofp/crt0.o
 .data          0x0000000000000000        0x0 /opt/st/stm32cubeide_1.8.0/plugins/com.st.stm32cube.ide.mcu.externaltools.gnu-tools-for-stm32.9-2020-q2-update.linux64_2.0.0.202105311346/tools/bin/../lib/gcc/arm-none-eabi/9.3.1/../../../../arm-none-eabi/lib/thumb/v7-m/nofp/crt0.o
[...]
Memory Configuration

Name             Origin             Length             Attributes
RAM              0x0000000020000000 0x0000000000005000 xrw
FLASH            0x0000000008000000 0x0000000000010000 xr
*default*        0x0000000000000000 0xffffffffffffffff

Linker script and memory map

LOAD /opt/st/stm32cubeide_1.8.0/plugins/com.st.stm32cube.ide.mcu.externaltools.gnu-tools-for-stm32.9-2020-q2-update.linux64_2.0.0.202105311346/tools/bin/../lib/gcc/arm-none-eabi/9.3.1/thumb/v7-m/nofp/crti.o
LOAD /opt/st/stm32cubeide_1.8.0/plugins/com.st.stm32cube.ide.mcu.externaltools.gnu-tools-for-stm32.9-2020-q2-update.linux64_2.0.0.202105311346/tools/bin/../lib/gcc/arm-none-eabi/9.3.1/thumb/v7-m/nofp/crtbegin.o
LOAD /opt/st/stm32cubeide_1.8.0/plugins/com.st.stm32cube.ide.mcu.externaltools.gnu-tools-for-stm32.9-2020-q2-update.linux64_2.0.0.202105311346/tools/bin/../lib/gcc/arm-none-eabi/9.3.1/../../../../arm-none-eabi/lib/thumb/v7-m/nofp/crt0.o
LOAD ./Core/Src/gpio.o
LOAD ./Core/Src/i2c.o
LOAD ./Core/Src/main.o
LOAD ./Core/Src/stm32f1xx_hal_msp.o
LOAD ./Core/Src/stm32f1xx_it.o
LOAD ./Core/Src/syscalls.o
LOAD ./Core/Src/sysmem.o
LOAD ./Core/Src/system_stm32f1xx.o
LOAD ./Core/Src/tim.o
LOAD ./Core/Startup/startup_stm32f103c8tx.o
LOAD ./DRO/Src/buttons.o
LOAD ./DRO/Src/calipers.o
LOAD ./DRO/Src/fonts.o
LOAD ./DRO/Src/ssd1306_i2c.o
LOAD ./Drivers/STM32F1xx_HAL_Driver/Src/stm32f1xx_hal.o
LOAD ./Drivers/STM32F1xx_HAL_Driver/Src/stm32f1xx_hal_cortex.o
LOAD ./Drivers/STM32F1xx_HAL_Driver/Src/stm32f1xx_hal_dma.o
LOAD ./Drivers/STM32F1xx_HAL_Driver/Src/stm32f1xx_hal_exti.o
LOAD ./Drivers/STM32F1xx_HAL_Driver/Src/stm32f1xx_hal_flash.o
LOAD ./Drivers/STM32F1xx_HAL_Driver/Src/stm32f1xx_hal_flash_ex.o
LOAD ./Drivers/STM32F1xx_HAL_Driver/Src/stm32f1xx_hal_gpio.o
LOAD ./Drivers/STM32F1xx_HAL_Driver/Src/stm32f1xx_hal_gpio_ex.o
LOAD ./Drivers/STM32F1xx_HAL_Driver/Src/stm32f1xx_hal_i2c.o
LOAD ./Drivers/STM32F1xx_HAL_Driver/Src/stm32f1xx_hal_pwr.o
LOAD ./Drivers/STM32F1xx_HAL_Driver/Src/stm32f1xx_hal_rcc.o
LOAD ./Drivers/STM32F1xx_HAL_Driver/Src/stm32f1xx_hal_rcc_ex.o
LOAD ./Drivers/STM32F1xx_HAL_Driver/Src/stm32f1xx_hal_tim.o
LOAD ./Drivers/STM32F1xx_HAL_Driver/Src/stm32f1xx_hal_tim_ex.o
START GROUP
LOAD /opt/st/stm32cubeide_1.8.0/plugins/com.st.stm32cube.ide.mcu.externaltools.gnu-tools-for-stm32.9-2020-q2-update.linux64_2.0.0.202105311346/tools/bin/../lib/gcc/arm-none-eabi/9.3.1/../../../../arm-none-eabi/lib/thumb/v7-m/nofp/libstdc++_nano.a
LOAD /opt/st/stm32cubeide_1.8.0/plugins/com.st.stm32cube.ide.mcu.externaltools.gnu-tools-for-stm32.9-2020-q2-update.linux64_2.0.0.202105311346/tools/bin/../lib/gcc/arm-none-eabi/9.3.1/../../../../arm-none-eabi/lib/thumb/v7-m/nofp/libsupc++_nano.a
END GROUP
LOAD /opt/st/stm32cubeide_1.8.0/plugins/com.st.stm32cube.ide.mcu.externaltools.gnu-tools-for-stm32.9-2020-q2-update.linux64_2.0.0.202105311346/tools/bin/../lib/gcc/arm-none-eabi/9.3.1/../../../../arm-none-eabi/lib/thumb/v7-m/nofp/libstdc++_nano.a
LOAD /opt/st/stm32cubeide_1.8.0/plugins/com.st.stm32cube.ide.mcu.externaltools.gnu-tools-for-stm32.9-2020-q2-update.linux64_2.0.0.202105311346/tools/bin/../lib/gcc/arm-none-eabi/9.3.1/../../../../arm-none-eabi/lib/thumb/v7-m/nofp/libm.a
LOAD /opt/st/stm32cubeide_1.8.0/plugins/com.st.stm32cube.ide.mcu.externaltools.gnu-tools-for-stm32.9-2020-q2-update.linux64_2.0.0.202105311346/tools/bin/../lib/gcc/arm-none-eabi/9.3.1/../../../../arm-none-eabi/lib/thumb/v7-m/nofp/libc_nano.a
START GROUP
LOAD /opt/st/stm32cubeide_1.8.0/plugins/com.st.stm32cube.ide.mcu.externaltools.gnu-tools-for-stm32.9-2020-q2-update.linux64_2.0.0.202105311346/tools/bin/../lib/gcc/arm-none-eabi/9.3.1/thumb/v7-m/nofp/libgcc.a
LOAD /opt/st/stm32cubeide_1.8.0/plugins/com.st.stm32cube.ide.mcu.externaltools.gnu-tools-for-stm32.9-2020-q2-update.linux64_2.0.0.202105311346/tools/bin/../lib/gcc/arm-none-eabi/9.3.1/../../../../arm-none-eabi/lib/thumb/v7-m/nofp/libc_nano.a
END GROUP
START GROUP
LOAD /opt/st/stm32cubeide_1.8.0/plugins/com.st.stm32cube.ide.mcu.externaltools.gnu-tools-for-stm32.9-2020-q2-update.linux64_2.0.0.202105311346/tools/bin/../lib/gcc/arm-none-eabi/9.3.1/thumb/v7-m/nofp/libgcc.a
LOAD /opt/st/stm32cubeide_1.8.0/plugins/com.st.stm32cube.ide.mcu.externaltools.gnu-tools-for-stm32.9-2020-q2-update.linux64_2.0.0.202105311346/tools/bin/../lib/gcc/arm-none-eabi/9.3.1/../../../../arm-none-eabi/lib/thumb/v7-m/nofp/libc_nano.a
LOAD /opt/st/stm32cubeide_1.8.0/plugins/com.st.stm32cube.ide.mcu.externaltools.gnu-tools-for-stm32.9-2020-q2-update.linux64_2.0.0.202105311346/tools/bin/../lib/gcc/arm-none-eabi/9.3.1/../../../../arm-none-eabi/lib/thumb/v7-m/nofp/libnosys.a
END GROUP
START GROUP
LOAD /opt/st/stm32cubeide_1.8.0/plugins/com.st.stm32cube.ide.mcu.externaltools.gnu-tools-for-stm32.9-2020-q2-update.linux64_2.0.0.202105311346/tools/bin/../lib/gcc/arm-none-eabi/9.3.1/thumb/v7-m/nofp/libgcc.a
LOAD /opt/st/stm32cubeide_1.8.0/plugins/com.st.stm32cube.ide.mcu.externaltools.gnu-tools-for-stm32.9-2020-q2-update.linux64_2.0.0.202105311346/tools/bin/../lib/gcc/arm-none-eabi/9.3.1/../../../../arm-none-eabi/lib/thumb/v7-m/nofp/libc_nano.a
LOAD /opt/st/stm32cubeide_1.8.0/plugins/com.st.stm32cube.ide.mcu.externaltools.gnu-tools-for-stm32.9-2020-q2-update.linux64_2.0.0.202105311346/tools/bin/../lib/gcc/arm-none-eabi/9.3.1/../../../../arm-none-eabi/lib/thumb/v7-m/nofp/libnosys.a
END GROUP
LOAD /opt/st/stm32cubeide_1.8.0/plugins/com.st.stm32cube.ide.mcu.externaltools.gnu-tools-for-stm32.9-2020-q2-update.linux64_2.0.0.202105311346/tools/bin/../lib/gcc/arm-none-eabi/9.3.1/thumb/v7-m/nofp/crtend.o
LOAD /opt/st/stm32cubeide_1.8.0/plugins/com.st.stm32cube.ide.mcu.externaltools.gnu-tools-for-stm32.9-2020-q2-update.linux64_2.0.0.202105311346/tools/bin/../lib/gcc/arm-none-eabi/9.3.1/thumb/v7-m/nofp/crtn.o
                0x0000000020005000                _estack = (ORIGIN (RAM) + LENGTH (RAM))
                0x0000000000000200                _Min_Heap_Size = 0x200
                0x0000000000000400                _Min_Stack_Size = 0x400

.isr_vector     0x0000000008000000      0x10c
                0x0000000008000000                . = ALIGN (0x4)
 *(.isr_vector)
 .isr_vector    0x0000000008000000      0x10c ./Core/Startup/startup_stm32f103c8tx.o
                0x0000000008000000                g_pfnVectors
                0x000000000800010c                . = ALIGN (0x4)

.text           0x000000000800010c     0x3a94
                0x000000000800010c                . = ALIGN (0x4)
 *(.text)
 .text          0x000000000800010c       0x40 /opt/st/stm32cubeide_1.8.0/plugins/com.st.stm32cube.ide.mcu.externaltools.gnu-tools-for-stm32.9-2020-q2-update.linux64_2.0.0.202105311346/tools/bin/../lib/gcc/arm-none-eabi/9.3.1/thumb/v7-m/nofp/crtbegin.o
 *(.text*)
 .text.MX_GPIO_Init
                0x000000000800014c      0x170 ./Core/Src/gpio.o
                0x000000000800014c                MX_GPIO_Init
 .text.EnableCaliperInterrupts
                0x00000000080002bc       0x18 ./Core/Src/gpio.o
                0x00000000080002bc                EnableCaliperInterrupts
 .text.DisableCaliperInterrupts
                0x00000000080002d4       0x18 ./Core/Src/gpio.o
                0x00000000080002d4                DisableCaliperInterrupts
 .text.MX_I2C2_Init
                0x00000000080002ec       0x3c ./Core/Src/i2c.o
                0x00000000080002ec                MX_I2C2_Init
 .text.HAL_I2C_MspInit
                0x0000000008000328       0x88 ./Core/Src/i2c.o
                0x0000000008000328                HAL_I2C_MspInit
 .text.SystemClock_Config
                0x00000000080003b0       0xa8 ./Core/Src/main.o
                0x00000000080003b0                SystemClock_Config
 .text.startup.main
                0x0000000008000458       0xd0 ./Core/Src/main.o
                0x0000000008000458                main
 .text.Error_Handler
                0x0000000008000528       0x2c ./Core/Src/main.o
                0x0000000008000528                Error_Handler
 .text.assert_failed
                0x0000000008000554        0x4 ./Core/Src/main.o
                0x0000000008000554                assert_failed
 .text.HAL_MspInit
                0x0000000008000558       0x4c ./Core/Src/stm32f1xx_hal_msp.o
                0x0000000008000558                HAL_MspInit
 .text.NMI_Handler
                0x00000000080005a4        0x4 ./Core/Src/stm32f1xx_it.o
                0x00000000080005a4                NMI_Handler
 .text.HardFault_Handler
                0x00000000080005a8        0x4 ./Core/Src/stm32f1xx_it.o
                0x00000000080005a8                HardFault_Handler
 .text.MemManage_Handler
                0x00000000080005ac        0x4 ./Core/Src/stm32f1xx_it.o
                0x00000000080005ac                MemManage_Handler
 .text.BusFault_Handler
                0x00000000080005b0        0x4 ./Core/Src/stm32f1xx_it.o
                0x00000000080005b0                BusFault_Handler
 .text.UsageFault_Handler
                0x00000000080005b4        0x4 ./Core/Src/stm32f1xx_it.o
                0x00000000080005b4                UsageFault_Handler
 .text.SVC_Handler
                0x00000000080005b8        0x4 ./Core/Src/stm32f1xx_it.o
                0x00000000080005b8                SVC_Handler
 .text.DebugMon_Handler
                0x00000000080005bc        0x4 ./Core/Src/stm32f1xx_it.o
                0x00000000080005bc                DebugMon_Handler
 .text.PendSV_Handler
                0x00000000080005c0        0x4 ./Core/Src/stm32f1xx_it.o
                0x00000000080005c0                PendSV_Handler
 .text.SysTick_Handler
                0x00000000080005c4        0x4 ./Core/Src/stm32f1xx_it.o
                0x00000000080005c4                SysTick_Handler
 .text.EXTI0_IRQHandler
                0x00000000080005c8       0x18 ./Core/Src/stm32f1xx_it.o
                0x00000000080005c8                EXTI0_IRQHandler
 .text.EXTI2_IRQHandler
                0x00000000080005e0       0x18 ./Core/Src/stm32f1xx_it.o
                0x00000000080005e0                EXTI2_IRQHandler
 .text.EXTI4_IRQHandler
                0x00000000080005f8       0x18 ./Core/Src/stm32f1xx_it.o
                0x00000000080005f8                EXTI4_IRQHandler
 .text.EXTI9_5_IRQHandler
                0x0000000008000610       0x1c ./Core/Src/stm32f1xx_it.o
                0x0000000008000610                EXTI9_5_IRQHandler
 .text.TIM2_IRQHandler
                0x000000000800062c       0x58 ./Core/Src/stm32f1xx_it.o
                0x000000000800062c                TIM2_IRQHandler
 .text.I2C2_EV_IRQHandler
                0x0000000008000684        0xc ./Core/Src/stm32f1xx_it.o
                0x0000000008000684                I2C2_EV_IRQHandler
 .text.I2C2_ER_IRQHandler
                0x0000000008000690        0xc ./Core/Src/stm32f1xx_it.o
                0x0000000008000690                I2C2_ER_IRQHandler
 .text.SystemInit
                0x000000000800069c       0x50 ./Core/Src/system_stm32f1xx.o
                0x000000000800069c                SystemInit
 .text.MX_TIM2_Init
                0x00000000080006ec       0x70 ./Core/Src/tim.o
                0x00000000080006ec                MX_TIM2_Init
 .text.HAL_TIM_Base_MspInit
                0x000000000800075c       0x3c ./Core/Src/tim.o
                0x000000000800075c                HAL_TIM_Base_MspInit
 .text.Reset_Handler
                0x0000000008000798       0x48 ./Core/Startup/startup_stm32f103c8tx.o
                0x0000000008000798                Reset_Handler
 .text.Default_Handler
                0x00000000080007e0        0x2 ./Core/Startup/startup_stm32f103c8tx.o
                0x00000000080007e0                RTC_Alarm_IRQHandler
                0x00000000080007e0                TIM1_CC_IRQHandler
                0x00000000080007e0                PVD_IRQHandler
                0x00000000080007e0                EXTI3_IRQHandler
                0x00000000080007e0                ADC1_2_IRQHandler
                0x00000000080007e0                SPI1_IRQHandler
                0x00000000080007e0                TAMPER_IRQHandler
                0x00000000080007e0                DMA1_Channel4_IRQHandler
                0x00000000080007e0                USART3_IRQHandler
                0x00000000080007e0                RTC_IRQHandler
                0x00000000080007e0                DMA1_Channel7_IRQHandler
                0x00000000080007e0                CAN1_RX1_IRQHandler
                0x00000000080007e0                TIM4_IRQHandler
                0x00000000080007e0                I2C1_EV_IRQHandler
                0x00000000080007e0                DMA1_Channel6_IRQHandler
                0x00000000080007e0                TIM3_IRQHandler
                0x00000000080007e0                RCC_IRQHandler
                0x00000000080007e0                TIM1_TRG_COM_IRQHandler
                0x00000000080007e0                DMA1_Channel1_IRQHandler
                0x00000000080007e0                Default_Handler
                0x00000000080007e0                EXTI15_10_IRQHandler
                0x00000000080007e0                SPI2_IRQHandler
                0x00000000080007e0                DMA1_Channel5_IRQHandler
                0x00000000080007e0                USB_LP_CAN1_RX0_IRQHandler
                0x00000000080007e0                USB_HP_CAN1_TX_IRQHandler
                0x00000000080007e0                DMA1_Channel3_IRQHandler
                0x00000000080007e0                TIM1_UP_IRQHandler
                0x00000000080007e0                WWDG_IRQHandler
                0x00000000080007e0                TIM1_BRK_IRQHandler
                0x00000000080007e0                EXTI1_IRQHandler
                0x00000000080007e0                USART2_IRQHandler
                0x00000000080007e0                DMA1_Channel2_IRQHandler
                0x00000000080007e0                CAN1_SCE_IRQHandler
                0x00000000080007e0                FLASH_IRQHandler
                0x00000000080007e0                USART1_IRQHandler
                0x00000000080007e0                I2C1_ER_IRQHandler
                0x00000000080007e0                USBWakeUp_IRQHandler
 *fill*         0x00000000080007e2        0x2 
 .text.buttons_setup
                0x00000000080007e4       0x28 ./DRO/Src/buttons.o
                0x00000000080007e4                buttons_setup
 .text.HAL_GPIO_EXTI_Callback
                0x000000000800080c       0xd4 ./DRO/Src/buttons.o
                0x000000000800080c                HAL_GPIO_EXTI_Callback
 .text.read_21bit_caliper
                0x00000000080008e0       0xb0 ./DRO/Src/calipers.o
                0x00000000080008e0                read_21bit_caliper
 .text.ssd1306_drawchar.constprop.2
                0x0000000008000990       0xd4 ./DRO/Src/ssd1306_i2c.o
 .text.ssd1306_drawchar.constprop.1
                0x0000000008000a64       0xc0 ./DRO/Src/ssd1306_i2c.o
 .text.ssd1306_init
                0x0000000008000b24      0x544 ./DRO/Src/ssd1306_i2c.o
                0x0000000008000b24                ssd1306_init
 .text.ssd1306_clear
                0x0000000008001068       0x10 ./DRO/Src/ssd1306_i2c.o
                0x0000000008001068                ssd1306_clear
 .text.ssd1306_refresh
                0x0000000008001078       0xb4 ./DRO/Src/ssd1306_i2c.o
                0x0000000008001078                ssd1306_refresh
 .text.ssd1306_drawhmm
                0x000000000800112c      0x1bc ./DRO/Src/ssd1306_i2c.o
                0x000000000800112c                ssd1306_drawhmm
 .text.HAL_InitTick
                0x00000000080012e8       0x48 ./Drivers/STM32F1xx_HAL_Driver/Src/stm32f1xx_hal.o
                0x00000000080012e8                HAL_InitTick
 .text.HAL_Init
                0x0000000008001330       0x24 ./Drivers/STM32F1xx_HAL_Driver/Src/stm32f1xx_hal.o
                0x0000000008001330                HAL_Init
 .text.HAL_IncTick
                0x0000000008001354       0x18 ./Drivers/STM32F1xx_HAL_Driver/Src/stm32f1xx_hal.o
                0x0000000008001354                HAL_IncTick
 .text.HAL_GetTick
                0x000000000800136c        0xc ./Drivers/STM32F1xx_HAL_Driver/Src/stm32f1xx_hal.o
                0x000000000800136c                HAL_GetTick
 .text.HAL_Delay
                0x0000000008001378       0x24 ./Drivers/STM32F1xx_HAL_Driver/Src/stm32f1xx_hal.o
                0x0000000008001378                HAL_Delay
 .text.HAL_NVIC_SetPriorityGrouping
                0x000000000800139c       0x3c ./Drivers/STM32F1xx_HAL_Driver/Src/stm32f1xx_hal_cortex.o
                0x000000000800139c                HAL_NVIC_SetPriorityGrouping
 .text.HAL_NVIC_SetPriority
                0x00000000080013d8       0x94 ./Drivers/STM32F1xx_HAL_Driver/Src/stm32f1xx_hal_cortex.o
                0x00000000080013d8                HAL_NVIC_SetPriority
 .text.HAL_NVIC_EnableIRQ
                0x000000000800146c       0x28 ./Drivers/STM32F1xx_HAL_Driver/Src/stm32f1xx_hal_cortex.o
                0x000000000800146c                HAL_NVIC_EnableIRQ
 .text.HAL_NVIC_DisableIRQ
                0x0000000008001494       0x30 ./Drivers/STM32F1xx_HAL_Driver/Src/stm32f1xx_hal_cortex.o
                0x0000000008001494                HAL_NVIC_DisableIRQ
 .text.HAL_SYSTICK_Config
                0x00000000080014c4       0x30 ./Drivers/STM32F1xx_HAL_Driver/Src/stm32f1xx_hal_cortex.o
                0x00000000080014c4                HAL_SYSTICK_Config
 .text.HAL_DMA_Abort_IT
                0x00000000080014f4       0x94 ./Drivers/STM32F1xx_HAL_Driver/Src/stm32f1xx_hal_dma.o
                0x00000000080014f4                HAL_DMA_Abort_IT
 .text.HAL_DMA_GetState
                0x0000000008001588        0x8 ./Drivers/STM32F1xx_HAL_Driver/Src/stm32f1xx_hal_dma.o
                0x0000000008001588                HAL_DMA_GetState
 .text.HAL_GPIO_Init
                0x0000000008001590      0x390 ./Drivers/STM32F1xx_HAL_Driver/Src/stm32f1xx_hal_gpio.o
                0x0000000008001590                HAL_GPIO_Init
 .text.HAL_GPIO_ReadPin
                0x0000000008001920       0x24 ./Drivers/STM32F1xx_HAL_Driver/Src/stm32f1xx_hal_gpio.o
                0x0000000008001920                HAL_GPIO_ReadPin
 .text.HAL_GPIO_WritePin
                0x0000000008001944       0x34 ./Drivers/STM32F1xx_HAL_Driver/Src/stm32f1xx_hal_gpio.o
                0x0000000008001944                HAL_GPIO_WritePin
 .text.HAL_GPIO_TogglePin
                0x0000000008001978       0x2c ./Drivers/STM32F1xx_HAL_Driver/Src/stm32f1xx_hal_gpio.o
                0x0000000008001978                HAL_GPIO_TogglePin
 .text.HAL_GPIO_EXTI_IRQHandler
                0x00000000080019a4       0x18 ./Drivers/STM32F1xx_HAL_Driver/Src/stm32f1xx_hal_gpio.o
                0x00000000080019a4                HAL_GPIO_EXTI_IRQHandler
 .text.HAL_I2C_Init
                0x00000000080019bc      0x28c ./Drivers/STM32F1xx_HAL_Driver/Src/stm32f1xx_hal_i2c.o
                0x00000000080019bc                HAL_I2C_Init
 .text.HAL_I2C_Mem_Write_IT
                0x0000000008001c48      0x104 ./Drivers/STM32F1xx_HAL_Driver/Src/stm32f1xx_hal_i2c.o
                0x0000000008001c48                HAL_I2C_Mem_Write_IT
 .text.HAL_I2C_MasterTxCpltCallback
                0x0000000008001d4c        0x4 ./Drivers/STM32F1xx_HAL_Driver/Src/stm32f1xx_hal_i2c.o
                0x0000000008001d4c                HAL_I2C_MasterTxCpltCallback
 .text.HAL_I2C_MasterRxCpltCallback
                0x0000000008001d50        0x4 ./Drivers/STM32F1xx_HAL_Driver/Src/stm32f1xx_hal_i2c.o
                0x0000000008001d50                HAL_I2C_MasterRxCpltCallback
 .text.HAL_I2C_SlaveTxCpltCallback
                0x0000000008001d54        0x4 ./Drivers/STM32F1xx_HAL_Driver/Src/stm32f1xx_hal_i2c.o
                0x0000000008001d54                HAL_I2C_SlaveTxCpltCallback
 .text.HAL_I2C_SlaveRxCpltCallback
                0x0000000008001d58        0x4 ./Drivers/STM32F1xx_HAL_Driver/Src/stm32f1xx_hal_i2c.o
                0x0000000008001d58                HAL_I2C_SlaveRxCpltCallback
 .text.HAL_I2C_AddrCallback
                0x0000000008001d5c        0x4 ./Drivers/STM32F1xx_HAL_Driver/Src/stm32f1xx_hal_i2c.o
                0x0000000008001d5c                HAL_I2C_AddrCallback
 .text.HAL_I2C_ListenCpltCallback
                0x0000000008001d60        0x4 ./Drivers/STM32F1xx_HAL_Driver/Src/stm32f1xx_hal_i2c.o
                0x0000000008001d60                HAL_I2C_ListenCpltCallback
 .text.HAL_I2C_MemTxCpltCallback
                0x0000000008001d64        0x4 ./Drivers/STM32F1xx_HAL_Driver/Src/stm32f1xx_hal_i2c.o
                0x0000000008001d64                HAL_I2C_MemTxCpltCallback
 .text.I2C_MemoryTransmit_TXE_BTF
                0x0000000008001d68       0xb8 ./Drivers/STM32F1xx_HAL_Driver/Src/stm32f1xx_hal_i2c.o
 .text.HAL_I2C_MemRxCpltCallback
                0x0000000008001e20        0x4 ./Drivers/STM32F1xx_HAL_Driver/Src/stm32f1xx_hal_i2c.o
                0x0000000008001e20                HAL_I2C_MemRxCpltCallback
 .text.HAL_I2C_ErrorCallback
                0x0000000008001e24        0x4 ./Drivers/STM32F1xx_HAL_Driver/Src/stm32f1xx_hal_i2c.o
                0x0000000008001e24                HAL_I2C_ErrorCallback
 .text.HAL_I2C_AbortCpltCallback
                0x0000000008001e28        0x4 ./Drivers/STM32F1xx_HAL_Driver/Src/stm32f1xx_hal_i2c.o
                0x0000000008001e28                HAL_I2C_AbortCpltCallback
 .text.I2C_DMAAbort
                0x0000000008001e2c       0xf4 ./Drivers/STM32F1xx_HAL_Driver/Src/stm32f1xx_hal_i2c.o
 .text.I2C_ITError
                0x0000000008001f20      0x16c ./Drivers/STM32F1xx_HAL_Driver/Src/stm32f1xx_hal_i2c.o
 .text.HAL_I2C_EV_IRQHandler
                0x000000000800208c      0x974 ./Drivers/STM32F1xx_HAL_Driver/Src/stm32f1xx_hal_i2c.o
                0x000000000800208c                HAL_I2C_EV_IRQHandler
 .text.HAL_I2C_ER_IRQHandler
                0x0000000008002a00      0x188 ./Drivers/STM32F1xx_HAL_Driver/Src/stm32f1xx_hal_i2c.o
                0x0000000008002a00                HAL_I2C_ER_IRQHandler
 .text.HAL_I2C_GetState
                0x0000000008002b88        0x8 ./Drivers/STM32F1xx_HAL_Driver/Src/stm32f1xx_hal_i2c.o
                0x0000000008002b88                HAL_I2C_GetState
 .text.HAL_PWR_DisableWakeUpPin
                0x0000000008002b90       0x30 ./Drivers/STM32F1xx_HAL_Driver/Src/stm32f1xx_hal_pwr.o
                0x0000000008002b90                HAL_PWR_DisableWakeUpPin
 .text.HAL_RCC_OscConfig
                0x0000000008002bc0      0x504 ./Drivers/STM32F1xx_HAL_Driver/Src/stm32f1xx_hal_rcc.o
                0x0000000008002bc0                HAL_RCC_OscConfig
 .text.HAL_RCC_ClockConfig
                0x00000000080030c4      0x258 ./Drivers/STM32F1xx_HAL_Driver/Src/stm32f1xx_hal_rcc.o
                0x00000000080030c4                HAL_RCC_ClockConfig
 .text.HAL_RCC_GetPCLK1Freq
                0x000000000800331c       0x20 ./Drivers/STM32F1xx_HAL_Driver/Src/stm32f1xx_hal_rcc.o
                0x000000000800331c                HAL_RCC_GetPCLK1Freq
 .text.HAL_TIM_Base_Init
                0x000000000800333c      0x158 ./Drivers/STM32F1xx_HAL_Driver/Src/stm32f1xx_hal_tim.o
                0x000000000800333c                HAL_TIM_Base_Init
 .text.HAL_TIM_Base_Start_IT
                0x0000000008003494       0x88 ./Drivers/STM32F1xx_HAL_Driver/Src/stm32f1xx_hal_tim.o
                0x0000000008003494                HAL_TIM_Base_Start_IT
 .text.HAL_TIM_ConfigClockSource
                0x000000000800351c      0x3e4 ./Drivers/STM32F1xx_HAL_Driver/Src/stm32f1xx_hal_tim.o
                0x000000000800351c                HAL_TIM_ConfigClockSource
 .text.HAL_TIM_PeriodElapsedCallback
                0x0000000008003900        0x4 ./Drivers/STM32F1xx_HAL_Driver/Src/stm32f1xx_hal_tim.o
                0x0000000008003900                HAL_TIM_PeriodElapsedCallback
 .text.HAL_TIM_OC_DelayElapsedCallback
                0x0000000008003904        0x4 ./Drivers/STM32F1xx_HAL_Driver/Src/stm32f1xx_hal_tim.o
                0x0000000008003904                HAL_TIM_OC_DelayElapsedCallback
 .text.HAL_TIM_IC_CaptureCallback
                0x0000000008003908        0x4 ./Drivers/STM32F1xx_HAL_Driver/Src/stm32f1xx_hal_tim.o
                0x0000000008003908                HAL_TIM_IC_CaptureCallback
 .text.HAL_TIM_PWM_PulseFinishedCallback
                0x000000000800390c        0x4 ./Drivers/STM32F1xx_HAL_Driver/Src/stm32f1xx_hal_tim.o
                0x000000000800390c                HAL_TIM_PWM_PulseFinishedCallback
 .text.HAL_TIM_TriggerCallback
                0x0000000008003910        0x4 ./Drivers/STM32F1xx_HAL_Driver/Src/stm32f1xx_hal_tim.o
                0x0000000008003910                HAL_TIM_TriggerCallback
 .text.HAL_TIM_IRQHandler
                0x0000000008003914      0x154 ./Drivers/STM32F1xx_HAL_Driver/Src/stm32f1xx_hal_tim.o
                0x0000000008003914                HAL_TIM_IRQHandler
 .text.HAL_TIMEx_MasterConfigSynchronization
                0x0000000008003a68       0xc0 ./Drivers/STM32F1xx_HAL_Driver/Src/stm32f1xx_hal_tim_ex.o
                0x0000000008003a68                HAL_TIMEx_MasterConfigSynchronization
 .text.HAL_TIMEx_CommutCallback
                0x0000000008003b28        0x4 ./Drivers/STM32F1xx_HAL_Driver/Src/stm32f1xx_hal_tim_ex.o
                0x0000000008003b28                HAL_TIMEx_CommutCallback
 .text.HAL_TIMEx_BreakCallback
                0x0000000008003b2c        0x4 ./Drivers/STM32F1xx_HAL_Driver/Src/stm32f1xx_hal_tim_ex.o
                0x0000000008003b2c                HAL_TIMEx_BreakCallback
 .text.__libc_init_array
                0x0000000008003b30       0x48 /opt/st/stm32cubeide_1.8.0/plugins/com.st.stm32cube.ide.mcu.externaltools.gnu-tools-for-stm32.9-2020-q2-update.linux64_2.0.0.202105311346/tools/bin/../lib/gcc/arm-none-eabi/9.3.1/../../../../arm-none-eabi/lib/thumb/v7-m/nofp/libc_nano.a(lib_a-init.o)
                0x0000000008003b30                __libc_init_array
 .text.memset   0x0000000008003b78       0x10 /opt/st/stm32cubeide_1.8.0/plugins/com.st.stm32cube.ide.mcu.externaltools.gnu-tools-for-stm32.9-2020-q2-update.linux64_2.0.0.202105311346/tools/bin/../lib/gcc/arm-none-eabi/9.3.1/../../../../arm-none-eabi/lib/thumb/v7-m/nofp/libc_nano.a(lib_a-memset.o)
                0x0000000008003b78                memset
 *(.glue_7)
 .glue_7        0x0000000008003b88        0x0 linker stubs
 *(.glue_7t)
 .glue_7t       0x0000000008003b88        0x0 linker stubs
 *(.eh_frame)
 .eh_frame      0x0000000008003b88        0x0 /opt/st/stm32cubeide_1.8.0/plugins/com.st.stm32cube.ide.mcu.externaltools.gnu-tools-for-stm32.9-2020-q2-update.linux64_2.0.0.202105311346/tools/bin/../lib/gcc/arm-none-eabi/9.3.1/thumb/v7-m/nofp/crtbegin.o
 *(.init)
 .init          0x0000000008003b88        0x4 /opt/st/stm32cubeide_1.8.0/plugins/com.st.stm32cube.ide.mcu.externaltools.gnu-tools-for-stm32.9-2020-q2-update.linux64_2.0.0.202105311346/tools/bin/../lib/gcc/arm-none-eabi/9.3.1/thumb/v7-m/nofp/crti.o
                0x0000000008003b88                _init
 .init          0x0000000008003b8c        0x8 /opt/st/stm32cubeide_1.8.0/plugins/com.st.stm32cube.ide.mcu.externaltools.gnu-tools-for-stm32.9-2020-q2-update.linux64_2.0.0.202105311346/tools/bin/../lib/gcc/arm-none-eabi/9.3.1/thumb/v7-m/nofp/crtn.o
 *(.fini)
 .fini          0x0000000008003b94        0x4 /opt/st/stm32cubeide_1.8.0/plugins/com.st.stm32cube.ide.mcu.externaltools.gnu-tools-for-stm32.9-2020-q2-update.linux64_2.0.0.202105311346/tools/bin/../lib/gcc/arm-none-eabi/9.3.1/thumb/v7-m/nofp/crti.o
                0x0000000008003b94                _fini
 .fini          0x0000000008003b98        0x8 /opt/st/stm32cubeide_1.8.0/plugins/com.st.stm32cube.ide.mcu.externaltools.gnu-tools-for-stm32.9-2020-q2-update.linux64_2.0.0.202105311346/tools/bin/../lib/gcc/arm-none-eabi/9.3.1/thumb/v7-m/nofp/crtn.o
                0x0000000008003ba0                . = ALIGN (0x4)
                0x0000000008003ba0                _etext = .

.vfp11_veneer   0x0000000008003ba0        0x0
 .vfp11_veneer  0x0000000008003ba0        0x0 linker stubs

.v4_bx          0x0000000008003ba0        0x0
 .v4_bx         0x0000000008003ba0        0x0 linker stubs

.iplt           0x0000000008003ba0        0x0
 .iplt          0x0000000008003ba0        0x0 /opt/st/stm32cubeide_1.8.0/plugins/com.st.stm32cube.ide.mcu.externaltools.gnu-tools-for-stm32.9-2020-q2-update.linux64_2.0.0.202105311346/tools/bin/../lib/gcc/arm-none-eabi/9.3.1/thumb/v7-m/nofp/crtbegin.o

.rodata         0x0000000008003ba0      0x1cc
                0x0000000008003ba0                . = ALIGN (0x4)
 *(.rodata)
 *(.rodata*)
 .rodata.AHBPrescTable
                0x0000000008003ba0       0x10 ./Core/Src/system_stm32f1xx.o
                0x0000000008003ba0                AHBPrescTable
 .rodata.APBPrescTable
                0x0000000008003bb0        0x8 ./Core/Src/system_stm32f1xx.o
                0x0000000008003bb0                APBPrescTable
 .rodata.lines  0x0000000008003bb8        0xc ./DRO/Src/ssd1306_i2c.o
 .rodata.HAL_NVIC_SetPriorityGrouping.str1.4
                0x0000000008003bc4       0x3b ./Drivers/STM32F1xx_HAL_Driver/Src/stm32f1xx_hal_cortex.o
 *fill*         0x0000000008003bff        0x1 
 .rodata.HAL_GPIO_Init.str1.4
                0x0000000008003c00       0x39 ./Drivers/STM32F1xx_HAL_Driver/Src/stm32f1xx_hal_gpio.o
 *fill*         0x0000000008003c39        0x3 
 .rodata.HAL_I2C_Init.str1.4
                0x0000000008003c3c       0x38 ./Drivers/STM32F1xx_HAL_Driver/Src/stm32f1xx_hal_i2c.o
 .rodata.HAL_PWR_ConfigPVD.str1.4
                0x0000000008003c74       0x38 ./Drivers/STM32F1xx_HAL_Driver/Src/stm32f1xx_hal_pwr.o
 .rodata.HAL_RCC_OscConfig.str1.4
                0x0000000008003cac       0x38 ./Drivers/STM32F1xx_HAL_Driver/Src/stm32f1xx_hal_rcc.o
 .rodata.HAL_RCC_ClockConfig.str1.4
                0x0000000008003ce4       0x11 ./Drivers/STM32F1xx_HAL_Driver/Src/stm32f1xx_hal_rcc.o
 *fill*         0x0000000008003cf5        0x3 
 .rodata.TIM_OC1_SetConfig.str1.4
                0x0000000008003cf8       0x38 ./Drivers/STM32F1xx_HAL_Driver/Src/stm32f1xx_hal_tim.o
 .rodata.HAL_TIMEx_HallSensor_Init.str1.4
                0x0000000008003d30       0x3b ./Drivers/STM32F1xx_HAL_Driver/Src/stm32f1xx_hal_tim_ex.o
                0x0000000008003d6c                . = ALIGN (0x4)
 *fill*         0x0000000008003d6b        0x1 

.rel.dyn        0x0000000008003d6c        0x0
 .rel.iplt      0x0000000008003d6c        0x0 /opt/st/stm32cubeide_1.8.0/plugins/com.st.stm32cube.ide.mcu.externaltools.gnu-tools-for-stm32.9-2020-q2-update.linux64_2.0.0.202105311346/tools/bin/../lib/gcc/arm-none-eabi/9.3.1/thumb/v7-m/nofp/crtbegin.o

.ARM.extab      0x0000000008003d6c        0x0
                0x0000000008003d6c                . = ALIGN (0x4)
 *(.ARM.extab* .gnu.linkonce.armextab.*)
                0x0000000008003d6c                . = ALIGN (0x4)

.ARM            0x0000000008003d6c        0x0
                0x0000000008003d6c                . = ALIGN (0x4)
                0x0000000008003d6c                __exidx_start = .
 *(.ARM.exidx*)
                0x0000000008003d6c                __exidx_end = .
                0x0000000008003d6c                . = ALIGN (0x4)

.preinit_array  0x0000000008003d6c        0x0
                0x0000000008003d6c                . = ALIGN (0x4)
                0x0000000008003d6c                PROVIDE (__preinit_array_start = .)
 *(.preinit_array*)
                0x0000000008003d6c                PROVIDE (__preinit_array_end = .)
                0x0000000008003d6c                . = ALIGN (0x4)

.init_array     0x0000000008003d6c        0x4
                0x0000000008003d6c                . = ALIGN (0x4)
                0x0000000008003d6c                PROVIDE (__init_array_start = .)
 *(SORT_BY_NAME(.init_array.*))
 *(.init_array*)
 .init_array    0x0000000008003d6c        0x4 /opt/st/stm32cubeide_1.8.0/plugins/com.st.stm32cube.ide.mcu.externaltools.gnu-tools-for-stm32.9-2020-q2-update.linux64_2.0.0.202105311346/tools/bin/../lib/gcc/arm-none-eabi/9.3.1/thumb/v7-m/nofp/crtbegin.o
                0x0000000008003d70                PROVIDE (__init_array_end = .)
                0x0000000008003d70                . = ALIGN (0x4)

.fini_array     0x0000000008003d70        0x4
                0x0000000008003d70                . = ALIGN (0x4)
                [!provide]                        PROVIDE (__fini_array_start = .)
 *(SORT_BY_NAME(.fini_array.*))
 *(.fini_array*)
 .fini_array    0x0000000008003d70        0x4 /opt/st/stm32cubeide_1.8.0/plugins/com.st.stm32cube.ide.mcu.externaltools.gnu-tools-for-stm32.9-2020-q2-update.linux64_2.0.0.202105311346/tools/bin/../lib/gcc/arm-none-eabi/9.3.1/thumb/v7-m/nofp/crtbegin.o
                [!provide]                        PROVIDE (__fini_array_end = .)
                0x0000000008003d74                . = ALIGN (0x4)
                0x0000000008003d74                _sidata = LOADADDR (.data)

.data           0x0000000020000000     0x2560 load address 0x0000000008003d74
                0x0000000020000000                . = ALIGN (0x4)
                0x0000000020000000                _sdata = .
 *(.data)
 *(.data*)
 .data.SystemCoreClock
                0x0000000020000000        0x4 ./Core/Src/system_stm32f1xx.o
                0x0000000020000000                SystemCoreClock
 .data.__compound_literal.0
                0x0000000020000004       0x10 ./DRO/Src/buttons.o
 .data.__compound_literal.1
                0x0000000020000014       0x10 ./DRO/Src/buttons.o
 .data.__compound_literal.2
                0x0000000020000024       0x10 ./DRO/Src/buttons.o
 .data.__compound_literal.3
                0x0000000020000034       0x10 ./DRO/Src/buttons.o
 .data.__compound_literal.4
                0x0000000020000044       0x10 ./DRO/Src/buttons.o
 .data.__compound_literal.5
                0x0000000020000054       0x10 ./DRO/Src/buttons.o
 .data.buttons  0x0000000020000064       0x18 ./DRO/Src/buttons.o
                0x0000000020000064                buttons
 .data.__compound_literal.0
                0x000000002000007c       0x1c ./DRO/Src/calipers.o
 .data.__compound_literal.1
                0x0000000020000098       0x1c ./DRO/Src/calipers.o
 .data.__compound_literal.2
                0x00000000200000b4       0x1c ./DRO/Src/calipers.o
 .data.calipers
                0x00000000200000d0        0xc ./DRO/Src/calipers.o
                0x00000000200000d0                calipers
 .data.Font     0x00000000200000dc        0x4 ./DRO/Src/fonts.o
                0x00000000200000dc                Font
 .data.Font12x24
                0x00000000200000e0     0x2060 ./DRO/Src/fonts.o
 .data.__compound_literal.0
                0x0000000020002140        0x8 ./DRO/Src/fonts.o
 .data.OLED_ADDRESS
                0x0000000020002148        0x1 ./DRO/Src/ssd1306_i2c.o
                0x0000000020002148                OLED_ADDRESS
 *fill*         0x0000000020002149        0x3 
 .data.__compound_literal.0
                0x000000002000214c        0x4 ./DRO/Src/ssd1306_i2c.o
 .data.__compound_literal.1
                0x0000000020002150        0x4 ./DRO/Src/ssd1306_i2c.o
 .data.__compound_literal.2
                0x0000000020002154        0x4 ./DRO/Src/ssd1306_i2c.o
 .data.screenRAM
                0x0000000020002158      0x400 ./DRO/Src/ssd1306_i2c.o
 .data.uwTickFreq
                0x0000000020002558        0x1 ./Drivers/STM32F1xx_HAL_Driver/Src/stm32f1xx_hal.o
                0x0000000020002558                uwTickFreq
 *fill*         0x0000000020002559        0x3 
 .data.uwTickPrio
                0x000000002000255c        0x4 ./Drivers/STM32F1xx_HAL_Driver/Src/stm32f1xx_hal.o
                0x000000002000255c                uwTickPrio
                0x0000000020002560                . = ALIGN (0x4)
                0x0000000020002560                _edata = .

.igot.plt       0x0000000020002560        0x0 load address 0x00000000080062d4
 .igot.plt      0x0000000020002560        0x0 /opt/st/stm32cubeide_1.8.0/plugins/com.st.stm32cube.ide.mcu.externaltools.gnu-tools-for-stm32.9-2020-q2-update.linux64_2.0.0.202105311346/tools/bin/../lib/gcc/arm-none-eabi/9.3.1/thumb/v7-m/nofp/crtbegin.o
                0x0000000020002560                . = ALIGN (0x4)

.bss            0x0000000020002560       0xc8 load address 0x00000000080062d4
                0x0000000020002560                _sbss = .
                0x0000000020002560                __bss_start__ = _sbss
 *(.bss)
 .bss           0x0000000020002560       0x1c /opt/st/stm32cubeide_1.8.0/plugins/com.st.stm32cube.ide.mcu.externaltools.gnu-tools-for-stm32.9-2020-q2-update.linux64_2.0.0.202105311346/tools/bin/../lib/gcc/arm-none-eabi/9.3.1/thumb/v7-m/nofp/crtbegin.o
 *(.bss*)
 .bss.buttonIRQDisabled
                0x000000002000257c        0x1 ./DRO/Src/buttons.o
                0x000000002000257c                buttonIRQDisabled
 .bss.button_poll
                0x000000002000257d        0x1 ./DRO/Src/buttons.o
                0x000000002000257d                button_poll
 *fill*         0x000000002000257e        0x2 
 .bss.button_ticks
                0x0000000020002580        0x4 ./DRO/Src/buttons.o
                0x0000000020002580                button_ticks
 .bss.SSD1306   0x0000000020002584        0x4 ./DRO/Src/ssd1306_i2c.o
 *(COMMON)
 COMMON         0x0000000020002588       0x54 ./Core/Src/i2c.o
                0x0000000020002588                hi2c2
 COMMON         0x00000000200025dc       0x48 ./Core/Src/tim.o
                0x00000000200025dc                htim2
 COMMON         0x0000000020002624        0x4 ./Drivers/STM32F1xx_HAL_Driver/Src/stm32f1xx_hal.o
                0x0000000020002624                uwTick
                0x0000000020002628                . = ALIGN (0x4)
                0x0000000020002628                _ebss = .
                0x0000000020002628                __bss_end__ = _ebss

._user_heap_stack
                0x0000000020002628      0x600 load address 0x00000000080062d4
                0x0000000020002628                . = ALIGN (0x8)
                0x0000000020002628                PROVIDE (end = .)
                [!provide]                        PROVIDE (_end = .)
                0x0000000020002828                . = (. + _Min_Heap_Size)
 *fill*         0x0000000020002628      0x200 
                0x0000000020002c28                . = (. + _Min_Stack_Size)
 *fill*         0x0000000020002828      0x400 
                0x0000000020002c28                . = ALIGN (0x8)

/DISCARD/
 libc.a(*)
 libm.a(*)
 libgcc.a(*)

.ARM.attributes
                0x0000000000000000       0x29
 *(.ARM.attributes)
 .ARM.attributes
                0x0000000000000000       0x1d /opt/st/stm32cubeide_1.8.0/plugins/com.st.stm32cube.ide.mcu.externaltools.gnu-tools-for-stm32.9-2020-q2-update.linux64_2.0.0.202105311346/tools/bin/../lib/gcc/arm-none-eabi/9.3.1/thumb/v7-m/nofp/crti.o
 .ARM.attributes
                0x000000000000001d       0x2d /opt/st/stm32cubeide_1.8.0/plugins/com.st.stm32cube.ide.mcu.externaltools.gnu-tools-for-stm32.9-2020-q2-update.linux64_2.0.0.202105311346/tools/bin/../lib/gcc/arm-none-eabi/9.3.1/thumb/v7-m/nofp/crtbegin.o
 .ARM.attributes
                0x000000000000004a       0x29 ./Core/Src/gpio.o
 .ARM.attributes
                0x0000000000000073       0x29 ./Core/Src/i2c.o
 .ARM.attributes
                0x000000000000009c       0x29 ./Core/Src/main.o
 .ARM.attributes
                0x00000000000000c5       0x29 ./Core/Src/stm32f1xx_hal_msp.o
 .ARM.attributes
                0x00000000000000ee       0x29 ./Core/Src/stm32f1xx_it.o
 .ARM.attributes
                0x0000000000000117       0x29 ./Core/Src/system_stm32f1xx.o
 .ARM.attributes
                0x0000000000000140       0x29 ./Core/Src/tim.o
 .ARM.attributes
                0x0000000000000169       0x21 ./Core/Startup/startup_stm32f103c8tx.o
 .ARM.attributes
                0x000000000000018a       0x29 ./DRO/Src/buttons.o
 .ARM.attributes
                0x00000000000001b3       0x29 ./DRO/Src/calipers.o
 .ARM.attributes
                0x00000000000001dc       0x29 ./DRO/Src/fonts.o
 .ARM.attributes
                0x0000000000000205       0x29 ./DRO/Src/ssd1306_i2c.o
 .ARM.attributes
                0x000000000000022e       0x29 ./Drivers/STM32F1xx_HAL_Driver/Src/stm32f1xx_hal.o
 .ARM.attributes
                0x0000000000000257       0x29 ./Drivers/STM32F1xx_HAL_Driver/Src/stm32f1xx_hal_cortex.o
 .ARM.attributes
                0x0000000000000280       0x29 ./Drivers/STM32F1xx_HAL_Driver/Src/stm32f1xx_hal_dma.o
 .ARM.attributes
                0x00000000000002a9       0x29 ./Drivers/STM32F1xx_HAL_Driver/Src/stm32f1xx_hal_gpio.o
 .ARM.attributes
                0x00000000000002d2       0x29 ./Drivers/STM32F1xx_HAL_Driver/Src/stm32f1xx_hal_i2c.o
 .ARM.attributes
                0x00000000000002fb       0x29 ./Drivers/STM32F1xx_HAL_Driver/Src/stm32f1xx_hal_pwr.o
 .ARM.attributes
                0x0000000000000324       0x29 ./Drivers/STM32F1xx_HAL_Driver/Src/stm32f1xx_hal_rcc.o
 .ARM.attributes
                0x000000000000034d       0x29 ./Drivers/STM32F1xx_HAL_Driver/Src/stm32f1xx_hal_tim.o
 .ARM.attributes
                0x0000000000000376       0x29 ./Drivers/STM32F1xx_HAL_Driver/Src/stm32f1xx_hal_tim_ex.o
 .ARM.attributes
                0x000000000000039f       0x2d /opt/st/stm32cubeide_1.8.0/plugins/com.st.stm32cube.ide.mcu.externaltools.gnu-tools-for-stm32.9-2020-q2-update.linux64_2.0.0.202105311346/tools/bin/../lib/gcc/arm-none-eabi/9.3.1/../../../../arm-none-eabi/lib/thumb/v7-m/nofp/libc_nano.a(lib_a-init.o)
 .ARM.attributes
                0x00000000000003cc       0x2d /opt/st/stm32cubeide_1.8.0/plugins/com.st.stm32cube.ide.mcu.externaltools.gnu-tools-for-stm32.9-2020-q2-update.linux64_2.0.0.202105311346/tools/bin/../lib/gcc/arm-none-eabi/9.3.1/../../../../arm-none-eabi/lib/thumb/v7-m/nofp/libc_nano.a(lib_a-memset.o)
 .ARM.attributes
                0x00000000000003f9       0x1d /opt/st/stm32cubeide_1.8.0/plugins/com.st.stm32cube.ide.mcu.externaltools.gnu-tools-for-stm32.9-2020-q2-update.linux64_2.0.0.202105311346/tools/bin/../lib/gcc/arm-none-eabi/9.3.1/thumb/v7-m/nofp/crtn.o
OUTPUT(code.elf elf32-littlearm)
LOAD linker stubs
LOAD /opt/st/stm32cubeide_1.8.0/plugins/com.st.stm32cube.ide.mcu.externaltools.gnu-tools-for-stm32.9-2020-q2-update.linux64_2.0.0.202105311346/tools/bin/../lib/gcc/arm-none-eabi/9.3.1/../../../../arm-none-eabi/lib/thumb/v7-m/nofp/libc.a
LOAD /opt/st/stm32cubeide_1.8.0/plugins/com.st.stm32cube.ide.mcu.externaltools.gnu-tools-for-stm32.9-2020-q2-update.linux64_2.0.0.202105311346/tools/bin/../lib/gcc/arm-none-eabi/9.3.1/../../../../arm-none-eabi/lib/thumb/v7-m/nofp/libm.a
LOAD /opt/st/stm32cubeide_1.8.0/plugins/com.st.stm32cube.ide.mcu.externaltools.gnu-tools-for-stm32.9-2020-q2-update.linux64_2.0.0.202105311346/tools/bin/../lib/gcc/arm-none-eabi/9.3.1/thumb/v7-m/nofp/libgcc.a

.comment        0x0000000000000000       0x53
 .comment       0x0000000000000000       0x53 ./Core/Src/gpio.o
                                         0x54 (size before relaxing)
 .comment       0x0000000000000053       0x54 ./Core/Src/i2c.o
 .comment       0x0000000000000053       0x54 ./Core/Src/main.o
 .comment       0x0000000000000053       0x54 ./Core/Src/stm32f1xx_hal_msp.o
 .comment       0x0000000000000053       0x54 ./Core/Src/stm32f1xx_it.o
 .comment       0x0000000000000053       0x54 ./Core/Src/system_stm32f1xx.o
 .comment       0x0000000000000053       0x54 ./Core/Src/tim.o
 .comment       0x0000000000000053       0x54 ./DRO/Src/buttons.o
 .comment       0x0000000000000053       0x54 ./DRO/Src/calipers.o
 .comment       0x0000000000000053       0x54 ./DRO/Src/fonts.o
 .comment       0x0000000000000053       0x54 ./DRO/Src/ssd1306_i2c.o
 .comment       0x0000000000000053       0x54 ./Drivers/STM32F1xx_HAL_Driver/Src/stm32f1xx_hal.o
 .comment       0x0000000000000053       0x54 ./Drivers/STM32F1xx_HAL_Driver/Src/stm32f1xx_hal_cortex.o
 .comment       0x0000000000000053       0x54 ./Drivers/STM32F1xx_HAL_Driver/Src/stm32f1xx_hal_dma.o
 .comment       0x0000000000000053       0x54 ./Drivers/STM32F1xx_HAL_Driver/Src/stm32f1xx_hal_gpio.o
 .comment       0x0000000000000053       0x54 ./Drivers/STM32F1xx_HAL_Driver/Src/stm32f1xx_hal_i2c.o
 .comment       0x0000000000000053       0x54 ./Drivers/STM32F1xx_HAL_Driver/Src/stm32f1xx_hal_pwr.o
 .comment       0x0000000000000053       0x54 ./Drivers/STM32F1xx_HAL_Driver/Src/stm32f1xx_hal_rcc.o
 .comment       0x0000000000000053       0x54 ./Drivers/STM32F1xx_HAL_Driver/Src/stm32f1xx_hal_tim.o
 .comment       0x0000000000000053       0x54 ./Drivers/STM32F1xx_HAL_Driver/Src/stm32f1xx_hal_tim_ex.o

.debug_frame    0x0000000000000000       0x4c
 .debug_frame   0x0000000000000000       0x2c /opt/st/stm32cubeide_1.8.0/plugins/com.st.stm32cube.ide.mcu.externaltools.gnu-tools-for-stm32.9-2020-q2-update.linux64_2.0.0.202105311346/tools/bin/../lib/gcc/arm-none-eabi/9.3.1/../../../../arm-none-eabi/lib/thumb/v7-m/nofp/libc_nano.a(lib_a-init.o)
 .debug_frame   0x000000000000002c       0x20 /opt/st/stm32cubeide_1.8.0/plugins/com.st.stm32cube.ide.mcu.externaltools.gnu-tools-for-stm32.9-2020-q2-update.linux64_2.0.0.202105311346/tools/bin/../lib/gcc/arm-none-eabi/9.3.1/../../../../arm-none-eabi/lib/thumb/v7-m/nofp/libc_nano.a(lib_a-memset.o)
